// Jest Snapshot v1, https://goo.gl/fbAQLP

exports[`components/project renders correctly 1`] = `
<article
  aria-label="title"
  className="folio-project folio-project--small"
  data-testid="folio-project"
  style={
    {
      "border": "none",
    }
  }
>
  <div
    className="folio-project-header"
  >
    <div
      className="folio-project-header--left"
    >
      <div
        className="folio-project-header--img"
      >
        <img
          alt="alt"
          data-testid="folio-project-header--img"
          src="src"
        />
      </div>
      <div
        className="folio-project-header--detials"
      >
        <h3
          className="folio-project-header--detials--title"
        >
          title
        </h3>
        <div
          className="folio-project-header--detials--url"
        >
          <a
            data-testid="folio-project-header--detials--url"
            href="https://url"
            rel="noreferrer"
            target="_blank"
          >
            url
          </a>
          <img
            alt="link"
            className="folio-icon folio-icon--2 folio-icon--dark"
            data-testid="folio-icon"
            src=""
            style={
              {
                "marginLeft": "2px",
              }
            }
          />
        </div>
        <div
          aria-label="Label"
          className="folio-label folio-label--light folio-label--small"
          data-testid="folio-label"
          style={{}}
        />
        <span
          className="folio-project-header--detials--date"
        >
          date
        </span>
      </div>
    </div>
  </div>
  <div
    className="folio-project-header--stack--small"
  >
    <aside
      className="folio-tstack folio-tstack--small folio-tstack--bar"
      data-testid="folio-tstack"
      style={
        {
          "width": "inherit",
        }
      }
    />
  </div>
  <p
    aria-label="Project description"
    className="folio-project-body"
  />
  <div
    className="folio-project-media"
    data-testid="folio-project-media"
  />
  <div
    className="folio-project-footer"
  >
    <div
      className="folio-project-footer--button"
    >
      <button
        className="folio-button folio-button--dark folio-button--small"
        data-testid="folio-button"
        disabled={false}
        id="0"
        onClick={[Function]}
        style={
          {
            "backgroundColor": "#1e262f",
            "cursor": "pointer",
            "opacity": 1,
          }
        }
        type="button"
      >
        Case Study
      </button>
    </div>
    <div
      className="folio-project-footer--button"
    >
      <button
        className="folio-button folio-button--dark folio-button--small folio-button--disabled"
        data-testid="folio-button"
        disabled={true}
        id="0"
        onClick={[Function]}
        style={
          {
            "backgroundColor": "#1e262f",
            "opacity": 0.5,
          }
        }
        type="button"
      >
        <div
          className="folio-button--icon"
        >
          <img
            alt="github"
            className="folio-icon folio-icon--3 folio-icon--dark"
            data-testid="folio-icon"
            src=""
            style={{}}
          />
        </div>
        Private
      </button>
    </div>
    <div
      className="folio-project-footer--button"
    >
      <button
        className="folio-button folio-button--dark folio-button--small"
        data-testid="folio-button"
        disabled={false}
        id="0"
        onClick={[Function]}
        style={
          {
            "backgroundColor": "#1e262f",
          }
        }
        type="button"
      >
        <div
          className="folio-button--icon"
        >
          <img
            alt="link"
            className="folio-icon folio-icon--3 folio-icon--dark"
            data-testid="folio-icon"
            src=""
            style={{}}
          />
        </div>
        Link
      </button>
    </div>
  </div>
</article>
`;
