// Jest Snapshot v1, https://goo.gl/fbAQLP

exports[`components/avatar should render a avatar 1`] = `
<div
  className="folio-avatar folio-avatar--5 folio-avatar--circle"
  data-testid="folio-avatar"
  role="img"
  style={{}}
>
  <img
    src="https://avatars.githubusercontent.com/u/25279263?v=4"
  />
</div>
`;
