// Jest Snapshot v1, https://goo.gl/fbAQLP

exports[`components/button should render a button 1`] = `
<button
  className="folio-button folio-button--light folio-button--medium"
  data-testid="folio-button"
  disabled={false}
  id="0"
  onClick={[Function]}
  style={{}}
  type="button"
>
  Hello
</button>
`;
