// Jest Snapshot v1, https://goo.gl/fbAQLP

exports[`components/modal renders modal 1`] = `
<div
  aria-describedby="modalDesc"
  aria-labelledby="modalTitle"
  aria-modal="true"
  className="folio-modal"
  data-testid="folio-modal"
  onClick={[Function]}
  role="dialog"
>
  <div
    className="folio-modal-container folio-modal-container--medium"
    onClick={[Function]}
    role="presentation"
    style={{}}
  >
    <div
      className="folio-modal-header-close"
    >
      <div
        onClick={[Function]}
        onKeyDown={[Function]}
        role="button"
        tabIndex={0}
      >
        <img
          alt="close"
          className="folio-icon folio-icon--5 folio-icon--dark"
          data-testid="folio-icon"
          src=""
          style={{}}
        />
      </div>
    </div>
    <div
      className="folio-modal-header"
    >
      <div
        className="folio-modal-header-title"
        data-testid="folio-modal-header-title"
      >
        Test
      </div>
      <div
        className="folio-modal-header-subtitle"
        data-testid="folio-modal-header-subtitle"
      />
    </div>
    <div
      className="folio-modal-body"
    />
    <div
      className="folio-modal-footer"
      data-testid="folio-modal-footer"
    >
      <button
        aria-label="Close"
        className="folio-button folio-button--dark folio-button--medium"
        data-testid="folio-button"
        disabled={false}
        id="0"
        onClick={[Function]}
        style={{}}
        type="button"
      >
        Close
      </button>
    </div>
  </div>
</div>
`;
