// Jest Snapshot v1, https://goo.gl/fbAQLP

exports[`components/blog should render blog 1`] = `
<a
  href="link"
  style={
    {
      "textDecoration": "none",
    }
  }
>
  <article
    className="folio-blog folio-blog--light folio-blog--small"
    data-testid="folio-blog"
    style={{}}
  >
    <div
      className="folio-blog_main"
    >
      <div
        className="folio-blog_main__top"
      >
        <h3
          className="folio-blog_main__title"
        >
          title
        </h3>
      </div>
      <div
        className="folio-blog_main__info"
      >
        <h4
          className="folio-blog_main__date"
        >
          date
        </h4>
        <div
          aria-label="Label"
          className="folio-label folio-label--light folio-label--medium"
          data-testid="folio-label"
          style={
            {
              "paddingTop": "0.1rem",
            }
          }
        >
          category
        </div>
      </div>
      <p
        className="folio-blog_main__description"
        data-testid="folio-blog-description"
      >
        description
      </p>
    </div>
  </article>
</a>
`;
