// Jest Snapshot v1, https://goo.gl/fbAQLP

exports[`components/dropdown should render a dropdown 1`] = `
<div
  className="folio-dropdown folio-dropdown--small"
  data-testid="folio-dropdown"
  style={
    {
      "border": "",
    }
  }
>
  <div
    aria-expanded="false"
    aria-haspopup="true"
    aria-label="Select Category"
    className="folio-dropdown-title"
    data-testid="folio-dropdown-title"
    id="dropdownMenu"
    onClick={[Function]}
    onKeyDown={[Function]}
    role="button"
    tabIndex={0}
  >
    Select Category
  </div>
</div>
`;
