// Jest Snapshot v1, https://goo.gl/fbAQLP

exports[`components/dropdown should render a dropdown 1`] = `
<div
  className="folio-dropdown folio-dropdown--small"
  data-testid="folio-dropdown"
  style={
    {
      "border": "",
    }
  }
>
  <span
    className="folio-dropdown-title"
    data-testid="folio-dropdown-title"
    onClick={[Function]}
    onKeyDown={[Function]}
    role="presentation"
  >
    Select Category
  </span>
</div>
`;
